Component: ARM Compiler 6.16 Tool: armlink [5dfeaa00]

==============================================================================

Section Cross References

    procedurespractice.o(RESET) refers to procedurespractice.o(CS2400_Sp22) for Reset_Handler


==============================================================================

Image Symbol Table

    Local Symbols

    Symbol Name                              Value     Ov Type        Size  Object(Section)

    ProceduresPractice.s                     0x00000000   Number         0  procedurespractice.o ABSOLUTE
    RESET                                    0x00000000   Section        8  procedurespractice.o(RESET)
    CS2400_Sp22                              0x00000008   Section       48  procedurespractice.o(CS2400_Sp22)
    num1                                     0x00000030   Data           4  procedurespractice.o(CS2400_Sp22)

    Global Symbols

    Symbol Name                              Value     Ov Type        Size  Object(Section)

    BuildAttributes$$THM_ISAv4$E$P$D$K$B$S$7EM$PE$A:L22UL41UL21$X:L11$S22US41US21$IEEE1$~IW$USESV6$~STKCKD$USESV7$~SHL$OSPACE$EBA8$STANDARDLIB$PRES8$EABIv2 0x00000000   Number         0  anon$$obj.o ABSOLUTE
    __Vectors                                0x00000000   Data           0  procedurespractice.o(RESET)
    Reset_Handler                            0x00000009   Thumb Code     0  procedurespractice.o(CS2400_Sp22)



==============================================================================

Memory Map of the image

  Image Entry point : 0x00000009

  Load Region LR_1 (Base: 0x00000000, Size: 0x00000038, Max: 0xffffffff, ABSOLUTE)

    Execution Region ER_RO (Exec base: 0x00000000, Load base: 0x00000000, Size: 0x00000038, Max: 0xffffffff, ABSOLUTE)

    Exec Addr    Load Addr    Size         Type   Attr      Idx    E Section Name        Object

    0x00000000   0x00000000   0x00000008   Data   RO            1    RESET               procedurespractice.o
    0x00000008   0x00000008   0x00000030   Code   RO            2  * CS2400_Sp22         procedurespractice.o


    Execution Region ER_RW (Exec base: 0x20000000, Load base: 0x00000038, Size: 0x00000000, Max: 0xffffffff, ABSOLUTE)

    **** No section assigned to this execution region ****


    Execution Region ER_ZI (Exec base: 0x20000000, Load base: 0x00000038, Size: 0x00000000, Max: 0xffffffff, ABSOLUTE)

    **** No section assigned to this execution region ****


==============================================================================

Image component sizes


      Code (inc. data)   RO Data    RW Data    ZI Data      Debug   Object Name

        48         10          8          0          0        252   procedurespractice.o

    ----------------------------------------------------------------------
        48         10          8          0          0        252   Object Totals
         0          0          0          0          0          0   (incl. Generated)
         0          0          0          0          0          0   (incl. Padding)

    ----------------------------------------------------------------------
         0          0          0          0          0          0   Library Totals
         0          0          0          0          0          0   (incl. Padding)

    ----------------------------------------------------------------------

==============================================================================


      Code (inc. data)   RO Data    RW Data    ZI Data      Debug   

        48         10          8          0          0        252   Grand Totals
        48         10          8          0          0        252   ELF Image Totals
        48         10          8          0          0          0   ROM Totals

==============================================================================

    Total RO  Size (Code + RO Data)                   56 (   0.05kB)
    Total RW  Size (RW Data + ZI Data)                 0 (   0.00kB)
    Total ROM Size (Code + RO Data + RW Data)         56 (   0.05kB)

==============================================================================

